// Jest Snapshot v1, https://goo.gl/fbAQLP

exports[`BottomBar Component matches the snapshot 1`] = `
<DocumentFragment>
  <div
    class="MuiBottomNavigation-root css-16lloyr-MuiBottomNavigation-root"
    data-testid="bottom-navigation"
  />
</DocumentFragment>
`;
